AR clkdivider behavioral C:/Users/Heat/Desktop/EmbeddedHardware2018/LED_MOVER/clkdivider.vhd sub00/vhpl05 1525508136
AR reg behavioral C:/Users/Heat/Desktop/EmbeddedHardware2018/LED_MOVER/REG.vhd sub00/vhpl03 1525508134
EN dff NULL C:/Users/Heat/Desktop/EmbeddedHardware2018/LED_MOVER/DFF.vhd sub00/vhpl00 1525508131
EN clkdivider NULL C:/Users/Heat/Desktop/EmbeddedHardware2018/LED_MOVER/clkdivider.vhd sub00/vhpl04 1525508135
EN led_mover NULL C:/Users/Heat/Desktop/EmbeddedHardware2018/LED_MOVER/LED_mover.vhd sub00/vhpl06 1525508137
AR dff behavioral C:/Users/Heat/Desktop/EmbeddedHardware2018/LED_MOVER/DFF.vhd sub00/vhpl01 1525508132
AR led_mover behavioral C:/Users/Heat/Desktop/EmbeddedHardware2018/LED_MOVER/LED_mover.vhd sub00/vhpl07 1525508138
EN reg NULL C:/Users/Heat/Desktop/EmbeddedHardware2018/LED_MOVER/REG.vhd sub00/vhpl02 1525508133
