V3 19
FL C:/Users/Heat/Desktop/EmbeddedHardware2018/LED_MOVER/clkdivider.vhd 2018/05/03.20:21:42 P.20131013
EN work/clkdivider 1525508135 \
      FL C:/Users/Heat/Desktop/EmbeddedHardware2018/LED_MOVER/clkdivider.vhd \
      PB ieee/std_logic_1164 1381692176 PB ieee/STD_LOGIC_UNSIGNED 1381692179
AR work/clkdivider/Behavioral 1525508136 \
      FL C:/Users/Heat/Desktop/EmbeddedHardware2018/LED_MOVER/clkdivider.vhd \
      EN work/clkdivider 1525508135
FL C:/Users/Heat/Desktop/EmbeddedHardware2018/LED_MOVER/DFF.vhd 2018/04/30.22:06:38 P.20131013
EN work/DFF 1525508131 \
      FL C:/Users/Heat/Desktop/EmbeddedHardware2018/LED_MOVER/DFF.vhd \
      PB ieee/std_logic_1164 1381692176
AR work/DFF/Behavioral 1525508132 \
      FL C:/Users/Heat/Desktop/EmbeddedHardware2018/LED_MOVER/DFF.vhd EN work/DFF 1525508131
FL C:/Users/Heat/Desktop/EmbeddedHardware2018/LED_MOVER/LED_mover.vhd 2018/05/05.17:15:05 P.20131013
EN work/LED_mover 1525508137 \
      FL C:/Users/Heat/Desktop/EmbeddedHardware2018/LED_MOVER/LED_mover.vhd \
      PB ieee/std_logic_1164 1381692176 PB ieee/NUMERIC_STD 1381692181
AR work/LED_mover/Behavioral 1525508138 \
      FL C:/Users/Heat/Desktop/EmbeddedHardware2018/LED_MOVER/LED_mover.vhd \
      EN work/LED_mover 1525508137 CP reg CP clkdivider
FL C:/Users/Heat/Desktop/EmbeddedHardware2018/LED_MOVER/REG.vhd 2018/05/05.16:58:49 P.20131013
EN work/REG 1525508133 \
      FL C:/Users/Heat/Desktop/EmbeddedHardware2018/LED_MOVER/REG.vhd \
      PB ieee/std_logic_1164 1381692176
AR work/REG/Behavioral 1525508134 \
      FL C:/Users/Heat/Desktop/EmbeddedHardware2018/LED_MOVER/REG.vhd EN work/REG 1525508133 \
      CP dff
FL F:/EmbeddedHardware2018/LED_MOVER/clkdivider.vhd 2018/05/03.20:21:40 P.20131013
FL F:/EmbeddedHardware2018/LED_MOVER/DFF.vhd 2018/04/30.22:06:38 P.20131013
FL F:/EmbeddedHardware2018/LED_MOVER/LED_mover.vhd 2018/05/03.20:55:02 P.20131013
FL F:/EmbeddedHardware2018/LED_MOVER/REG.vhd 2018/04/30.23:46:46 P.20131013
